[2026-01-20 02:47:47.538] [INFO ] [test_main.cpp:20] Test started
[2026-01-20 02:47:47.538] [INFO ] [server.cpp:30] Server started on 127.0.0.1:8888
[2026-01-20 02:47:47.539] [INFO ] [test_main.cpp:34] Test completed
[2026-01-20 02:52:13.262] [INFO ] [test_main.cpp:20] Test started
[2026-01-20 02:52:13.262] [INFO ] [server.cpp:30] Server started on 127.0.0.1:8888
[2026-01-20 02:52:13.262] [INFO ] [test_main.cpp:34] Test completed
[2026-01-20 03:03:07.845] [INFO ] [test_main.cpp:20] Test started
[2026-01-20 03:03:07.845] [INFO ] [server.cpp:30] Server started on 127.0.0.1:8888
[2026-01-20 03:03:07.846] [INFO ] [test_main.cpp:34] Test completed
[2026-01-20 03:03:32.567] [INFO ] [test_main.cpp:20] Test started
[2026-01-20 03:03:32.567] [INFO ] [server.cpp:30] Server started on 127.0.0.1:8888
[2026-01-20 03:03:32.568] [INFO ] [test_main.cpp:34] Test completed
[2026-01-20 03:07:51.455] [INFO ] [test_main.cpp:20] Test started
[2026-01-20 03:07:51.455] [INFO ] [server.cpp:30] Server started on 127.0.0.1:8888
[2026-01-20 03:07:51.456] [INFO ] [test_main.cpp:34] Test completed
[2026-01-20 03:14:10.867] [INFO ] [test_main.cpp:20] Test started
[2026-01-20 03:14:10.867] [INFO ] [server.cpp:30] Server started on 127.0.0.1:8888
[2026-01-20 03:14:10.867] [INFO ] [test_main.cpp:34] Test completed
